crlf 0
lf 0
cr 0
name-space 0
name-colon 0
name-crlf 0
name-empty 0
ok 1
empty-value 1
HTTP/1.1 302 Found\r\n
Location: /x?a=b c	d\r\n
X-Empty: \r\n
Content-Length: 0\r\n
\r\n
|
HTTP/1.1 200 OK\r\n
X-Content-Length-Note: kept\r\n
Content-Length: 3\r\n
\r\n
hi\n
|
HTTP/1.1 200 OK\r\n
X-Content-Length-Note: kept\r\n
Content-Length: 3\r\n
\r\n
|
HTTP/1.1 304 Not Modified\r\n
Content-Length: 1234\r\n
\r\n
|
h2 frame bytes 24 fields 3
  :status: 200
  content-length: 0
  x-ok: yes
