CL shorter than data: status=0 parse=1 body=[abc]
CL list differs: status=400 parse=0 body=[]
CL list same: status=0 parse=1 body=[abc]
CL not a number: status=400 parse=0 body=[]
CL twice differing: status=400 parse=0 body=[]
CL above max: status=413 parse=0 body=[]
body cut short: status=-1 parse=0 body=[]
no CL: no body: status=0 parse=1 body=[]
head without blank line: status=-1 parse=0 body=[]
head cut in a line: status=-1 parse=0 body=[]
chunked: status=0 parse=1 body=[abc]
chunked cut: status=-1 parse=0 body=[]
chunked above max: status=413 parse=0 body=[]
gzip coding: status=501 parse=0 body=[]
HTTP/2.0 line: status=505 parse=0 body=[]
split 1 byte: status=0 reads=54 method=POST body=[hello]
split 7 bytes: status=0 reads=12 method=POST body=[hi!!!]
split bad: status=400 reads=10 method=GET body=[]
big: status=0 body_len=20000 cap>=1
