[z-a]: error invalid character class range
[a-\d]: error invalid character class range
[\d-z]: error invalid character class range
[a-\W]: error invalid character class range
[a-z] on "m": 1
[a-a] on "a": 1
[\d-] on "-": 1
^[\D]+$ on "abc": 1
^[\D]+$ on "a1c": 0
^[\W\d]+$ on " 9!": 1
^[\S]$ on " ": 0
