ok    literal
ok    literal-miss
ok    dot
ok    dot-nl
ok    digits
ok    digits-none
ok    word
ok    space
ok    not-digit
ok    class
ok    class-neg
ok    class-neg-miss
ok    star
ok    plus
ok    quest
ok    repeat-mn
ok    repeat-mn-over
ok    repeat-exact
ok    alt
ok    alt-miss
ok    anchor-start
ok    anchor-start-miss
ok    anchor-end
ok    escape-dot
ok    escape-dot-lit
ok    cap-whole
ok    cap-1
ok    cap-2
ok    cap-date-y
ok    cap-date-d
ok    greedy
ok    lazy
fails=0
