(a?|b)* on "b": 1 (0,0) (0,0)
(|a)* on "a": 1 (0,0) (0,0)
(a*)* on "b": 1 (0,0) (0,0)
(x?)*y on "y": 1 (0,1) (0,0)
(a*)+ on "b": 1 (0,0) (0,0)
((1*))+ on "1": 1 (0,1) (0,1) (0,1)
(a?b?)* on "ab": 1 (0,2) (0,2)
(a*|b)* on "abab": 1 (0,4) (3,4)
(a?)*?b on "ab": 1 (0,2) (0,1)
((a)|b)* on "ab": 1 (0,2) (1,2) (0,1)
(a|b)* on "ab": 1 (0,2) (1,2)
(a?){2,} on "aaa": 1 (0,3) (2,3)
